# Germania - 256x256 1v1 capital map for C&C: Wolfenstein.
# HAND-DRAWN: this map holds no dice and will never be re-rolled. Every
# block, street, breach and seam was placed by coordinate in
# GermaniaPlan (test sources), which is the pen, not the author.
# The monuments' terrain here is their footprint; their faces are the
# MonumentSprites the renderer anchors over them.
# Redraw with:
#   java -cp core/build/classes/java/main:core/build/classes/java/test \
#     com.ccwolf.core.map.GermaniaPlan > core/src/main/resources/maps/germania.map
# glyphs: . grass  = road  : rubble  * uranium  ~ water  # ruins
#         W superconcrete  M monument stone  _ pavement  H highway
name Germania
size 256 256
spawn 176 64
spawn 80 220
tiles
..........................................................==........................................~~~~~~~~~~~~~~~~~~~~~~~~~~~~~~~~~~~~~~~~~~~~~~~~~~~~~~~~..........................................==........................................................
..........................................................==........................................~~~~~~~~~~~~~~~~~~~~~~~~~~~~~~~~~~~~~~~~~~~~~~~~~~~~~~~~..........................................==........................................................
............................................~~~~~~~~~~~~~~==~~~~~~~~~~~~~~~~~~~~~~~~~~~~~~~~~~~~~~~~~~~~~~~~~~~~~~~~~~~~~~~~~~~~~~~~~~~~~~~~~~~~~~~~~~~~~~~~~~~~~~~~~~~~~~~~~~~~~~~~~~~~~~~~~~~~~~~~~~==~~~~~~~~~~~~............................................
~~~~~~~~~~~~~~~~~~~~~~~~~~~~~~~~~~~~~~~~~~~~~~~~~~~~~~~~~~==~~~~~~~~~~~~~~~~~~~~~~~~~~~~~~~~~~~~~~~~~~~~~~~~~~~~~~~~~~~~~~~~~~~~~~~~~~~~~~~~~~~~~~~~~~~~~~~~~~~~~~~~~~~~~~~~~~~~~~~~~~~~~~~~~~~~~~~~~~==~~~~~~~~~~~~~~~~~~~~~~~~~~~~~~~~~~~~~~~~~~~~~~~~~~~~~~~~
~~~~~~~~~~~~~~~~~~~~~~~~~~~~~~~~~~~~~~~~~~~~~~~~~~~~~~~~~~==~~~~~~~~~~~~~~~~~~~~~~~~~~~~~~~~~~~~~~~~~~~~~~~~~~~~~~~~~~~~~~~~~~~~~~~~~~~~~~~~~~~~~~~~~~~~~~~~~~~~~~~~~~~~~~~~~~~~~~~~~~~~~~~~~~~~~~~~~~==~~~~~~~~~~~~~~~~~~~~~~~~~~~~~~~~~~~~~~~~~~~~~~~~~~~~~~~~
~~~~~~~~~~~~~~~~~~~~~~~~~~~~~~~~~~~~~~~~~~~~~~~~~~~~~~~~~~==~~~~~~~~~~~~~~~~~~~~~~~~~~~~~~~~~~~~~~~~~~~~~~~~~~~~~~~~~~~~~~~~~~~~~~~~~~~~~~~~~~~~~~~~~~~~~~~~~~~~~~~~~~~~~~~~~~~~~~~~~~~~~~~~~~~~~~~~~~==~~~~~~~~~~~~~~~~~~~~~~~~~~~~~~~~~~~~~~~~~~~~~~~~~~~~~~~~
~~~~~~~~~~~~~~~~~~~~~~~~~~~~~~~~~~~~~~~~~~~~~~~~~~~~~~~~~~==~~~~~~~~~~~~~~~~~~~~~~~~~~~~~~~~~~~~~~~~~~~~~~~~~~~~~~~~~~~~~~~~~~~~~~~~~~~~~~~~~~~~~~~~~~~~~~~~~~~~~~~~~~~~~~~~~~~~~~~~~~~~~~~~~~~~~~~~~~==~~~~~~~~~~~~~~~~~~~~~~~~~~~~~~~~~~~~~~~~~~~~~~~~~~~~~~~~
~~~~~~~~~~~~~~~~~~~~~~~~~~~~~~~~~~~~~~~~~~~~~~~~~~~~~~~~~~==~~~~~~~~~~~~~~~~~~~~~~~~~~~~~~~~~~~~~~~~........................................................~~~~~~~~~~~~~~~~~~~~~~~~~~~~~~~~~~~~~~~~~~==~~~~~~~~~~~~~~~~~~~~~~~~~~~~~~~~~~~~~~~~~~~~~~~~~~~~~~~~
~~~~~~~~~~~~~~~~~~~~~~~~~~~~~~~~~~~~~~~~~~~~~~~~~~~~~~~~~~==~~~~~~~~~~~~~~~~~~~~~~~~~~~~~~~~~~~~~~~~........................................................~~~~~~~~~~~~~~~~~~~~~~~~~~~~~~~~~~~~~~~~~~==~~~~~~~~~~~~~~~~~~~~~~~~~~~~~~~~~~~~~~~~~~~~~~~~~~~~~~~~
~~~~~~~~~~~~~~~~~~~~~~~~~~~~~~~~~~~~~~~~~~~~..............==..........................................................................................................................................==............~~~~~~~~~~~~~~~~~~~~~~~~~~~~~~~~~~~~~~~~~~~~
..........................................................==................................................._______________________________________..................................................==........................................................
..........................................................==................................................._______________________________________..................................................==........................................................
..........................................................==................................................._______________________________________..................................................==........................................................
..........................................................==................................................._______________________________________..................................................==........................................................
..........................................................==.................................................___MMMMMMMMMMMMMMMMMMMMMMMMMMMMMMMM____..................................................==........................................................
..........................................................==.................................................___MMMMMMMMMMMMMMMMMMMMMMMMMMMMMMMM____..................................................==........................................................
..........................................................==.................................................___MMMMMMMMMMMMMMMMMMMMMMMMMMMMMMMM____..................................................==........................................................
.............................................................................................................___MMMMMMMMMMMMMMMMMMMMMMMMMMMMMMMM____............................................................................................................
.............................................................................................................___MMMMMMMMMMMMMMMMMMMMMMMMMMMMMMMM____............................................................................................................
.............................................................................................................___MMMMMMMMMMMMMMMMMMMMMMMMMMMMMMMM____............................................................................................................
..........................................................==.................................................___MMMMMMMMMMMMMMMMMMMMMMMMMMMMMMMM____..................................................==........................................................
..........................................................==.................................................___MMMMMMMMMMMMMMMMMMMMMMMMMMMMMMMM____..................................................==........................................................
..........................................................==.................................................___MMMMMMMMMMMMMMMMMMMMMMMMMMMMMMMM____..................................................==........................................................
..........................................................==.................................................___MMMMMMMMMMMMMMMMMMMMMMMMMMMMMMMM____..................................................==........................................................
..........................................................==.................................................___MMMMMMMMMMMMMMMMMMMMMMMMMMMMMMMM____..................................................==........................................................
..........................................................==.................................................___MMMMMMMMMMMMMMMMMMMMMMMMMMMMMMMM____..................................................==........................................................
..........................................................==.................................................___MMMMMMMMMMMMMMMMMMMMMMMMMMMMMMMM____..................................................==........................................................
..........................................................==.................................................___MMMMMMMMMMMMMMMMMMMMMMMMMMMMMMMM____..................................................==........................................................
..................................####:###................==.................................................___MMMMMMMMMMMMMMMMMMMMMMMMMMMMMMMM____..................................................==....................####:###............................
..................................#::::::#................==.................................................___MMMMMMMMMMMMMMMMMMMMMMMMMMMMMMMM____..................................................==....................#::::::#............................
........###:###...................#::::::#................==.................................................___MMMMMMMMMMMMMMMMMMMMMMMMMMMMMMMM____..................................................==......###:##........#::::::#............................
........#:::::#...................#::::::#................==.................................................___MMMMMMMMMMMMMMMMMMMMMMMMMMMMMMMM____..................................................==......#::::#........#::::::#............................
........#:::::#.....###:##........#::::::#................==.................................................___MMMMMMMMMMMMMMMMMMMMMMMMMMMMMMMM____..................................................==......#::::#........#::::::#........###:##..............
........#:::::#.....#::::#........####:###................==.................................................___MMMMMMMMMMMMMMMMMMMMMMMMMMMMMMMM____..................................................==......#::::#........####:###........#::::#..............
........#:::::#.....#::::#................................==.................................................___MMMMMMMMMMMMMMMMMMMMMMMMMMMMMMMM____..................................................==......#::::#........................#::::#..............
........###:###.....#::::#................................==.................................................___MMMMMMMMMMMMMMMMMMMMMMMMMMMMMMMM____..................................................==......#::::#........................#::::#..............
....................#::::#................................==.................................................___MMMMMMMMMMMMMMMMMMMMMMMMMMMMMMMM____..................................................==......###:##........................#::::#..............
....................#::::#................................==.................................................___MMMMMMMMMMMMMMMMMMMMMMMMMMMMMMMM____..................................................==....................................###:##..............
....................###:##................................==.................................................___MMMMMMMMMMMMMMMMMMMMMMMMMMMMMMMM____..................................................==........................................................
..........................................................==.................................................___MMMMMMMMMMMMMMMMMMMMMMMMMMMMMMMM____............................*.....................==........................................................
..........................................................==.................................................___MMMMMMMMMMMMMMMMMMMMMMMMMMMMMMMM____.........................*******..................==........................................................
..........................................................==.................................................___MMMMMMMMMMMMMMMMMMMMMMMMMMMMMMMM____........................*********.................==........................................................
..........................................###:##..........==.................................................___MMMMMMMMMMMMMMMMMMMMMMMMMMMMMMMM____........................*********.................==........................................................
..........................................#::::#..........==.................................................___MMMMMMMMMMMMMMMMMMMMMMMMMMMMMMMM____........................*********.................==........................................................
............###:##........................#::::#..........==.................................................___MMMMMMMMMMMMMMMMMMMMMMMMMMMMMMMM____.......................***********................==..........................###:##........................
............#::::#........................#::::#..........==.................................................___MMMMMMMMMMMMMMMMMMMMMMMMMMMMMMMM____........................*********.................==..........................#::::#........................
............#::::#..........###:###.......#::::#..........==................................................._______________________________________........................*********.................==..........###:###.........#::::#........................
............#::::#..........#:::::#.......#::::#..........==................................................._______________________________________........................*********.................==..........#:::::#.........#::::#........................
............#::::#..........#:::::#.......#::::#..........==................................................._______________________________________.........................*******..................==..........#:::::#.........#::::#........###:###.........
............###:##..........#:::::#.......###:##..........==................................................._______________________________________............................*.....................==..........#:::::#.........###:##........#:::::#.........
............................#:::::#.......................==................................................._______________________________________........................................*.........==..........#:::::#.......................#:::::#.........
............................#:::::#.......................==................................................._______________________________________......................................*****.......==..........#:::::#.......................#:::::#.........
............................###:###.......................==WWWWWWWWWW..................==WWWWWWWW....WWWWWWW_______________________________________WW....WWWWWWWWWW....==...............*******......==..........###:###.......................#:::::#.........
..........................................................==WWWWWWWWWW................________________WWWWWWW_______________________________________WW....W________________..............*******......==........................................#:::::#.........
..........................................................==WWWWWWWWWW................________________WWWWWWW_______________________________________WW....W________________.............*********.....==........................................###:###.........
..........................................................==WWWWWWWWWW................__MMMMMMMMMMMM__WWWWWWW_______________________________________WW....W__MMMMMMM.....__..............*******......==........................................................
..........................................................==WWWWWWWWWW................__MMMMMMMMMMMM__WWWWWW_________________________________________W....W__MMMMMMM.....__..............*******......==........................................................
..........................................................==WWWWWWWWWW................__MMMMMMMMMMMM__WWWWWW_________________________________________W....W__MMMMMMM.....__...............*****.......==........................................................
......................................###:###.............==WWWWWWWWWW................__MMMMMMMMMMMM__WWWWWW_________________________________________W....W__MMMMMMM.....__.................*.........==........................................................
......................................#:::::#.............==WWWWWWWWWW................__MMMMMMMMMMMM__WWWWWW_________________________________________W....W__MMMMMMM.....__...........................==........................................................
........####:###......................#:::::#.............==WWWWWWWWWW................__MMMMMMMMMMMM__WWWWWW_________________________________________W....W__MMMMMMM.....__...........................==......................###:##............................
........#::::::#......................#:::::#.............==WWWWWWWWWW................__MMMMMMMMMMMM__WWWWWW_________________________________________W....W__MMMMMMM.....__...........................==......................#::::#............................
........#::::::#......###:##..........#:::::#.............==..........................__MMMMMMMMMMMM__......_________________________________________......__MMMMMMM.....__...........................==......................#::::#............................
........#::::::#......#::::#..........###:###.............==..........................__MMMMMMMMMMMM__......_________________________________________......__MMMMMMM.....__...........................==......................#::::#............................
........#::::::#......#::::#..............................==..........................__MMMMMMMMMMMM__......_________________________________________......__MMMMMMM.....__...........................==......####:###........#::::#..........###:##............
........#::::::#......#::::#..............................==..........................__MMMMMMMMMMMM__......_________________________________________......__MMMMMMM.....__...........................==......#::::::#........#::::#..........#::::#............
........####:###......#::::#..............................==WWWWWWWWWW....WWWWWWWWWW..__MMMMMMMMMMMM__WWWWWW_________________________________________W....W__MMMMMMM.....__..................WWW......==......#::::::#........#::::#..........#::::#............
......................###:##..............................============================__MMMMMMMMMMMM__======_________________________________________W....W__MMMMMMM.....__..................WWW......==......#::::::#........###:##..........#::::#............
..........................................................============================__MMMMMMMMMMMM__======_________________________________________W....W__MMMMMMM.....__..................WWW......==......#::::::#........................#::::#............
..........................................................==WWWWWWWWWW....WWWWWWWWWW..__MMMMMMMMMMMM__WWWWWW_________________________________________W....W__MMMMMMM.....__..................WWW......==......####:###........................###:##............
..........................................................==WWWWWWWWWW....WWWWWWWWWW..__MMMMMMMMMMMM__WWWWWW_________________________________________W....W__MMMMMMM.....__..................WWW......==........................................................
..........................................................==WWWWWWWWWW....WWWWWWWWWW..__MMMMMMMMMMMM__WWWWWW_________________________________________W....W__MMMMMMM.....__..................WWW......==........................................................
..........................................................==WWWWWWWWWW....WWWWWWWWWW..__MMMMMMMMMMMM__WWWWWW_________________________________________W....W__MMMMMMM.....__..................WWW......==........................................................
..........................................................==WWWWWWWWWW....WWWWWWWWWW..________________WWWWWW_________________________________________W....W________________..................WWW......==........................................................
..........................................................==WWWWWWWWWW....WWWWWWWWWW..________________WWWWWW_________________________________________W....W________________..................WWW......==........................................................
..........................................................==WWWWWWWWWW....WWWWWWWWWW....==WWWWWWWW....WWWWWW_________________________________________W....WWWWWWWWWW....==...................WWW......==........................................................
............................................###:##........==............................==.................._________________________________________...................==............................==........................................................
............................................#::::#........==............................==.................._________________________________________...................==............................==........................................................
..............###:###.......................#::::#........==............................==...................................HHHHHH.....................................==............................==............................###:###.....................
..............#:::::#.......................#::::#........==............................==...................................HHHHHH.....................................==............................==............................#:::::#.....................
..............#:::::#.........####:###......#::::#........==............................==...................................HHHHHH.........WWWWWWWWWW....WWWWWWWWWW....==WWWWWWWW....WWWWWWWWWW......==............###:##..........#:::::#.....................
..............#:::::#.........#::::::#......#::::#........==........................*...==...................................HHHHHH.........WWWWWWWWWW....WWWWWWWWWW....==WWWWWWWW....WWWWWWWWWW......==............#::::#..........#:::::#.....................
..............#:::::#.........#::::::#......###:##........==.....................*******==...................................HHHHHH.........WWWWWWWWWW....WWWWWWWWWW....==WWWWWWWW....WWWWWWWWWW......==............#::::#..........#:::::#.......###:##........
..............#:::::#.........#::::::#....................==....................*********....................................HHHHHH.........WWWWWWWWWW....WWWWWWWWWW....==WWWWWWWW....WWWWWWWWWW......==............#::::#..........###:###.......#::::#........
..............###:###.........#::::::#....................==...................***********...................................HHHHHH.........WWWWWWWWWW....WWWWWWWWWW....==WWWWWWWW....WWWWWWWWWW......==............#::::#........................#::::#........
..............................####:###....................==..................*************..................................HHHHHH.........WWWWWWWWWW....WWWWWWWWWW....==WWWWWWWW....WWWWWWWWWW......==............#::::#........................#::::#........
..........................................................==..................*************..................................HHHHHH.........WWWWWWWWWW....WWWWWWWWWW....==WWWWWWWW....WWWWWWWWWW......==............###:##........................#::::#........
..........................................................==..................*************..................................HHHHHH.........WWWWWWWWWW....WWWWWWWWWW....==WWWWWWWW....WWWWWWWWWW......==..........................................#::::#........
..........................................................==.................***************.................................HHHHHH.........WWWWWWWWWW....WWWWWWWWWW....==WWWWWWWW....WWWWWWWWWW......==..........................................###:##........
..........................................................==..................*************..................................HHHHHH.........WWWWWWWWWW....WWWWWWWWWW....==WWWWWWWW....WWWWWWWWWW......==........................................................
..........................................................==..................*************..................................HHHHHH.....................................==............................==........................................................
..........................................................====================*************==========================........HHHHHH.....................................==............................==........................................................
..........................................................==...................***********...................................HHHHHH.....................................==............................==........................................................
..........................................................==....................*********....................................HHHHHH.....................................==............................==........................................................
........................................###:##............==.....................*******=....................................HHHHHH.........WWWWWWWWWW....WWWWWWWWWW....==WWWWWWWW....WWWWWWWWWW......==........................................................
........................................#::::#............==........................*...=....................................HHHHHH.........WWWWWWWWWW....WWWWWWWWWW....==WWWWWWWW....WWWWWWWWWW......==........................................................
..........###:##........................#::::#............==............................=....................................HHHHHH.........WWWWWWWWWW....WWWWWWWWWW....==WWWWWWWW....WWWWWWWWWW......==........###:###.........###:##..........................
..........#::::#........................#::::#............==............................=....................................HHHHHH.........WWWWWWWWWW....WWWWWWWWWW....==WWWWWWWW....WWWWWWWWWW......==........#:::::#.........#::::#..........................
..........#::::#..........###:###.......#::::#............==............................=....................................HHHHHH.........WWWWWWWWWW....WWWWWWWWWW....==WWWWWWWW....WWWWWWWWWW......==........#:::::#.........#::::#..........###:###.........
..........#::::#..........#:::::#.......###:##............==............................=....................................HHHHHH.........WWWWWWWWWW....WWWWWWWWWW....==WWWWWWWW....WWWWWWWWWW......==........#:::::#.........#::::#..........#:::::#.........
HHHHHHHHHHHHHHHHHHHHHHHHHHHHHHHHHHHHHHHHHHHHHHHHHHHHHHHHHHHHHHHHHHHHHHHHHHHHHHHHHHHHHHHHHHHHHHHHHHHHHHHHHHHHHHHHHHHHHHHHHHHHHHHHHHHHHHHHHHHHHHHHHHHHHHHHHHHHHHHHHHHHHHHHHHHHHHHHHHHHHHHHHHHHHHHHHHHHHHHHHHHHHHHHHHHHHHHHHHHHHHHHHHHHHHHHHHHHHHHHHHHHHHHHHHHHHHHH
HHHHHHHHHHHHHHHHHHHHHHHHHHHHHHHHHHHHHHHHHHHHHHHHHHHHHHHHHHHHHHHHHHHHHHHHHHHHHHHHHHHHHHHHHHHHHHHHHHHHHHHHHHHHHHHHHHHHHHHHHHHHHHHHHHHHHHHHHHHHHHHHHHHHHHHHHHHHHHHHHHHHHHHHHHHHHHHHHHHHHHHHHHHHHHHHHHHHHHHHHHHHHHHHHHHHHHHHHHHHHHHHHHHHHHHHHHHHHHHHHHHHHHHHHHHHHHHH
HHHHHHHHHHHHHHHHHHHHHHHHHHHHHHHHHHHHHHHHHHHHHHHHHHHHHHHHHHHHHHHHHHHHHHHHHHHHHHHHHHHHHHHHHHHHHHHHHHHHHHHHHHHHHHHHHHHHHHHHHHHHHHHHHHHHHHHHHHHHHHHHHHHHHHHHHHHHHHHHHHHHHHHHHHHHHHHHHHHHHHHHHHHHHHHHHHHHHHHHHHHHHHHHHHHHHHHHHHHHHHHHHHHHHHHHHHHHHHHHHHHHHHHHHHHHHHHH
..........###:##..........###:###.........................==............................=....................................HHHHHH.........WWWWWWWWWW....WWWWWWWWWW....==WWWWWWWW....WWWWWWWWWW......==........................................###:###.........
..........................................................==............................=....................................HHHHHH.....................................==............................==........................................................
..........................................................==............................=....................................HHHHHH.....................................==............................==........................................................
..........................................................==............................=....................................HHHHHH.....................................==............................==........................................................
..........................................................==............................=....................................HHHHHH.....................................==............................==........................................................
..........................................................==............................=....................................HHHHHH.........WWWWWWWWWW..................==WWWWWWWW....WWWWWWWWWW......==........................................................
..........................................................==............................=....................................HHHHHH.........WWWWWWWWWW..................==WWWWWWWW....WWWWWWWWWW......==........................................................
..........................................................==............................=...........*........................HHHHHH.........WWWWWWWWWW..................==WWWWWWWW....WWWWWWWWWW......==........................................................
..........................................................=======================================*******=============........HHHHHH.........WWWWWWWWWW..................==WWWWWWWW....WWWWWWWWWW......==........................................................
..................::::::::::..............................==............................=.......*********.....WWWWWW........_HHHHHH__.......WWWWWWWWWW..................==WWWWWWWW....WWWWWWWWWW......==..................:::::::::.............................
..................::::::::::..............................==............................=.......*********.....WWWWWW......___HHHHHH____.....WWWWWWWWWW..................==WWWWWWWW....WWWWWWWWWW......==..................:::::::::.............................
..................::::::::::..............................==............................=.......*********.....WWWWWW.....____HHHHHH_____....WWWWWWWWWW..................==WWWWWWWW....WWWWWWWWWW......==..................:::::::::.............................
..................::::::::::..............................==............................=......***********....WWWWWW...._____HHHHHH______...WWWWWWWWWW..................==WWWWWWWW....WWWWWWWWWW......==..................:::::::::.............................
..................::::::::::..............................==............................=.......*********.....WWWWWW...______HHHHHH_______..WWWWWWWWWW..................==WWWWWWWW....WWWWWWWWWW......==..................:::::::::.............................
..................::::::::::..............................==............................=.......*********.....WWWWWW...______HHHHHH_______..WWWWWWWWWW..................==WWWWWWWW....WWWWWWWWWW......==..................:::::::::.............................
..........................................................==............................=.......*********.....WWWWWW.._______HHHHHH________..WWWWWW.....................==............................==........................................................
..........................................................==.....................................*******......WWWWWW.._______HHHHHH________..WWWWWW.....................==............................==........................................................
..........................................................==........................................*................._______HHHHHH________.............................==............................==........................................................
..........................................................==.........................................................._______HHHHHH________.............................==............................==........................................................
..........................................................==WWWWWWWWWW....WWWWWWWWWW....==WWWWWWWW....WWWWWWWWWW.....________HHHHHH_________WWWWWWWWWW....WWWWWWWWWW....==WWWWWWWW....WWWWWWWWWW......==........................................................
..........................................................==WWWWWWWWWW....WWWWWWWWWW....==WWWWWWWW....WWWWWWWWWW......_______HHHHHH________.WWWWWWWWWW....WWWWWWWWWW....==WWWWWWWW....WWWWWWWWWW......==........................................................
..........................................................==WWWWWWWWWW....WWWWWWWWWW....==WWWWWWWW....WWWWWWWWWW......_______HHHHHH________.WWWWWWWWWW....WWWWWWWWWW....==WWWWWWWW....WWWWWWWWWW......==........................................................
..........................................................==WWWWWWWWWW....WWWWWWWWWW....==WWWWWWWW....WWWWWWWWWWWWWW.._______HHHHHH________.WWWWWWWWWW....WWWWWWWWWW....==WWWWWWWW....WWWWWWWWWW......==........................................................
..........................................................==WWWWWWWWWW....WWWWWWWWWW....==WWWWWWWW....WWWWWWWWWWWWWW.._______HHHHHH________.WWWWWWWWWW....WWWWWWWWWW....==WWWWWWWW....WWWWWWWWWW......==........................................................
..........................................................==WWWWWWWWWW....WWWWWWWWWW....==WWWWWWWW....WWWWWWWWWWWWWW...______HHHHHH_______..WWWWWWWWWW....WWWWWWWWWW....==WWWWWWWW....WWWWWWWWWW......==........................................................
........................###:##............................==WWWWWWWWWW....WWWWWWWWWW....==WWWWWWWW....WWWWWWWWWWWWWW...______HHHHHH_______..WWWWWWWWWW....WWWWWWWWWW....==WWWWWWWW....WWWWWWWWWW......==......................###:###...........................
........................#::::#............................==WWWWWWWWWW....WWWWWWWWWW....==WWWWWWWW....WWWWWWWWWWWWWW...._____HHHHHH______...WWWWWWWWWW....WWWWWWWWWW....==WWWWWWWW....WWWWWWWWWW......==......................#:::::#...........................
........####:###........#::::#............................==WWWWWWWWWW....WWWWWWWWWW....==WWWWWWWW....WWWWWWWWWW*WWW.....____HHHHHH_____....WWWWWWWWWW....WWWWWWWWWW....==WWWWWWWW....WWWWWWWWWW......==......###:##..........#:::::#...........................
........#::::::#........#::::#............................==WWWWWWWWWW....WWWWWWWWWW....==WWWWWWWW....WWWWWWWW*****W......___HHHHHH____.....WWWWWWWWWW....WWWWWWWWWW....==WWWWWWWW....WWWWWWWWWW......==......#::::#..........#:::::#...........................
........#::::::#........#::::#........###:###.............==............................==...................*******........_HHHHHH__........WWWWWW.....................==............................==......#::::#..........#:::::#.........###:##............
........#::::::#........#::::#........#:::::#.............==............................==...................*******.........HHHHHH.....................................==............................==......#::::#..........#:::::#.........#::::#............
........#::::::#........###:##........#:::::#.............==............................==..................*********........HHHHHH.....................................==............................==......#::::#..........###:###.........#::::#............
........####:###......................#:::::#.............==............................==...................*******.........HHHHHH.....................................==............................==......###:##..........................#::::#............
......................................#:::::#.............==WWWWWWWWWW....WWWWWWWWWW....==WWWWWWWW....WWWWWWW*******.........HHHHHH.........WWWWWWWWWW....WWWWWWWWWW....==WWWWWWWW....WWWWWWWWWW......==......................................#::::#............
......................................#:::::#.............==WWWWWWWWWW....WWWWWWWWWW....==WWWWWWWW....WWWWWWWW*****..........HHHHHH.........WWWWWWWWWW....WWWWWWWWWW....==WWWWWWWW....WWWWWWWWWW......==......................................###:##............
......................................###:###.............==WWWWWWWWWW....WWWWWWWWWW....==WWWWWWWW....WWWWWWWWWW*............HHHHHH.........=========================================================.==........................................................
..........................................................==WWWWWWWWWW....WWWWWWWWWW....==WWWWWWWW....WWWWWWWWWW.............HHHHHH.........=========================================================.==........................................................
=============================================================================================================================HHHHHH=============================================================================================================================
=============================================================================================================================HHHHHH=============================================================================================================================
..........................................................==WWWWWWWWWW....WWWWWWWWWW....==WWWWWWWW....WWWWWWWWWW.............HHHHHH.........WWWWWWWWWW....WWWWWWWWWW....==WWWWWWWW....WWWWWWWWWW......==........................................................
..........................................................==WWWWWWWWWW....WWWWWWWWWW....==WWWWWWWW....WWWWWWWWWW.............HHHHHH.........WWWWWWWWWW....WWWWWWWWWW....==WWWWWWWW....WWWWWWWWWW......==........................................................
..........................................................==WWWWWWWWWW....WWWWWWWWWW....==WWWWWWWW....WWWWWWWWWW.............HHHHHH.........WWWWWWWWWW....WWWWWWWWWW....==WWWWWWWW....WWWWWWWWWW......==........................................................
..........................................................==WWWWWWWWWW....WWWWWWWWWW....==WWWWWWWW....WWWWWWWWWW.............HHHHHH.........WWWWWWWWWW....WWWWWWWWWW....==WWWWWWWW....WWWWWWWWWW......==........................................................
............................................###:##........==............................==...................................HHHHHH.....................................==............................==..........................................###:##........
............................................#::::#........==............................==...................................HHHHHH.....................................==............................==..........................................#::::#........
..............###:##........................#::::#........==............................==...................................HHHHHH.....................................==............................==............####:###......................#::::#........
..............#::::#........................#::::#........==............................==...................................HHHHHH.....................................==............................==............#::::::#......................#::::#........
..............#::::#..........####:###......#::::#........==WWWWWWWWWW..................==WWWWWWWW....WWWWWWWWWW.............HHHHHH.........WWWWWWWWWW....WWWWWWWWWW....==WWWWWWWW....WWWWWWWWWW......==............#::::::#........###:##........#::::#........
..............#::::#..........#::::::#......###:##........==WWWWWWWWWW..................==WWWWWWWW....WWWWWWWWWW.............HHHHHH.........WWWWWWWWWW....WWWWWWWWWW....==WWWWWWWW....WWWWWWWWWW......==............#::::::#........#::::#........###:##........
..............#::::#..........#::::::#....................==WWWWWWWWWW..................==WWWWWWWW....WWWWWWWWWW.............HHHHHH.........WWWWWWWWWW....WWWWWWWWWW....==WWWWWWWW....WWWWWWWWWW......==............#::::::#........#::::#......................
..............###:##..........#::::::#....................==WWWWWWWWWW..................==WWWWWWWW....WWWWWWWWWW.............HHHHHH.........WWWWWWWWWW....WWWWWWWWWW....==WWWWWWWW....WWWWWWWWWW......==............####:###........#::::#......................
..............................#::::::#....................==WWWWWWWWWW..................==WWWWWWWW....WWWWWWWWWW.............HHHHHH.........WWWWWWWWWW....WWWWWWWWWW....==WWWWWWWW....WWWWWWWWWW......==............................#::::#......................
..............................#::::::#....................==WWWWWWWWWW..................==WWWWWWWW....WWWWWWWWWW.............HHHHHH.........WWWWWWWWWW....WWWWWWWWWW....==WWWWWWWW....WWWWWWWWWW......==............................#::::#......................
..............................####:###....................==WWWWWWWWWW..................==WWWWWWWW....WWWWWWWWWW.............HHHHHH.........WWWWWWWWWW....WWWWWWWWWW....==WWWWWWWW....WWWWWWWWWW......==............................###:##......................
..........................................................==WWWWWWWWWW..................==WWWWWWWW....WWWWWWWWWW.............HHHHHH.........WWWWWWWWWW....WWWWWWWWWW....==WWWWWWWW....WWWWWWWWWW......==........................................................
..........................................................==WWWWWWWWWW..................==WWWWWWWW....WWWWWWWWWW.............HHHHHH.........WWWWWWWWWW....WWWWWWWWWW....==WWWWWWWW....WWWWWWWWWW......==........................................................
..........................................................==WWWWWWWWWW..................==WWWWWWWW....WWWWWWWWWW.............HHHHHH.........WWWWWWWWWW....WWWWWWWWWW....==WWWWWWWW....WWWWWWWWWW......==........................................................
..........................................................==............................==...................................HHHHHH.....................................==............................==........................................................
..........................................................==............................==...................................HHHHHH.....................................==............................==........................................................
..........................................................==............................==...................................HHHHHH.....................................==............................==........................................................
..........................................................==............................==...................................HHHHHH.....................................==............................==........................................................
..........................................................==WWWWWWWWWW....WWWWWWWWWW....==WWWWWWWW....WWWWWWWWWW.............HHHHHH.........WWWWWWWWWW....WWWWWWWWWW....==WWWWWWWW....................==........................................................
..........................................................==WWWWWWWWWW....WWWWWWWWWW....==WWWWWWWW....WWWWWWWWWW.............HHHHHH.........WWWWWWWWWW....WWWWWWWWWW....==WWWWWWWW....................==........................................................
........................................####:###..........==WWWWWWWWWW....WWWWWWWWWW....==WWWWWWWW....WWWWWWWWWW.............HHHHHH.........WWWWWWWWWW....WWWWWWWWWW....==WWWWWWWW....................==........................###:###.........................
........................................#::::::#..........==WWWWWWWWWW....WWWWWWWWWW....==WWWWWWWW....WWWWWWWWWW.............HHHHHH.........WWWWWWWWWW....WWWWWWWWWW....==WWWWWWWW....................==........................#:::::#.........................
..........###:###.......................#::::::#..........==WWWWWWWWWW....WWWWWWWWWW....==WWWWWWWW....WWWWWWWWWW.............HHHHHH.........WWWWWWWWWW....WWWWWWWWWW....==WWWWWWWW....................==........###:##..........#:::::#.........................
..........#:::::#.......................#::::::#..........==WWWWWWWWWW....WWWWWWWWWW....==WWWWWWWW....WWWWWWWWWW.............HHHHHH.........WWWWWWWWWW....WWWWWWWWWW....==WWWWWWWW....................==........#::::#..........#:::::#.........................
..........#:::::#.........###:##........#::::::#..........==WWWWWWWWWW....WWWWWWWWWW....==WWWWWWWW....WWWWWWWWWW..._________HHHHHHHH_________WWWWWWWWW....WWWWWWWWWW....==WWWWWWWW....................==........#::::#..........#:::::#.........###:##..........
..........#:::::#.........#::::#........#::::::#..........==WWWWWWWWWW....WWWWWWWWWW....==WWWWWWWW....WWWWWWWWWW..._________HHHHHHHH_________WWWWWWWWW....WWWWWWWWWW....==WWWWWWWW....................==........#::::#..........###:###.........#::::#..........
..........#:::::#.........#::::#........####:###..........==WWWWWWWWWW....WWWWWWWWWW....==WWWWWWWW....WWWWWWWWWW...____MMMMMHHHHHHHHMMMMM____WWWWWWWWW....WWWWWWWWWW....==WWWWWWWW....................==........#::::#..........................#::::#..........
..........#:::::#.........#::::#..........................=========================================================____MMMMMHHHHHHHHMMMMM____WWWWWWWWW....WWWWWWWWWW....==WWWWWWWW....................==........#::::#..........................#::::#..........
..........###:###.........#::::#..........................=========================================================____MMMMMHHHHHHHHMMMMM____...........................==............................==........###:##..........................#::::#..........
..........................###:##..........................==............................==.........................____MMMMMHHHHHHHHMMMMM____...........................==............................==........................................#::::#..........
..........................................................==............................==.........................____MMMMMHHHHHHHHMMMMM____...........................==............................==........................................###:##..........
..........................................................==............................==.........................____MMMMMHHHHHHHHMMMMM____...........................==............................==........................................................
..........................................................==WWWWWWWWWW....WWWWWWWWWW....==WWWWWWWW....WWWWWWWWWW...____MMMMMHHHHHHHHMMMMM____WWWWWWWWW....WWWWWWWWWW....==WWWWWWWW....WWWWWWWWWW......==........................................................
..........................................................==WWWWWWWWWW....WWWWWWWWWW....==WWWWWWWW....WWWWWWWWWW...____MMMMMHHHHHHHHMMMMM____WWWWWWWWW....WWWWWWWWWW....==WWWWWWWW....WWWWWWWWWW......==........................................................
..........................................................==WWWWWWWWWW....WWWWWWWWWW....==WWWWWWWW....WWWWWWWWWW...____MMMMMHHHHHHHHMMMMM____WWWWWWWWW....WWWWWWWWWW....==WWWWWWWW....WWWWWWWWWW......==........................................................
..........................................................==WWWWWWWWWW....WWWWWWWWWW....==WWWWWWWW....WWWWWWWWWW...____MMMMMHHHHHHHHMMMMM____WWWWWWWWW....WWWWWWWWWW....==WWWWWWWW....WWWWWWWWWW......==........................................................
..........................................................==WWWWWWWWWW....WWWWWWWWWW....==WWWWWWWW....WWWWWWWWWW..._________HHHHHHHH_________WWWWWWWWW....WWWWWWWWWW....==WWWWWWWW....WWWWWWWWWW......==........................................................
..........................................................==WWWWWWWWWW....WWWWWWWWWW....==WWWWWWWW....WWWWWWWWWW..._________HHHHHHHH_________WWWWWWWWW....WWWWWWWWWW....==WWWWWWWW....WWWWWWWWWW......==........................................................
..........................................................==WWWWWWWWWW....WWWWWWWWWW....==WWWWWWWW....WWWWWWWWWW.............HHHHHH.........WWWWWWWWWW....WWWWWWWWWW....==WWWWWWWW....WWWWWWWWWW......==........................................................
..........................................................==WWWWWWWWWW....WWWWWWWWWW....==WWWWWWWW....WWWWWWWWWW.............HHHHHH.........WWWWWWWWWW....WWWWWWWWWW....==WWWWWWWW....WWWWWWWWWW......==........................................................
..........................................................==WWWWWWWWWW....WWWWWWWWWW....==WWWWWWWW....WWWWWWWWWW.............HHHHHH.........WWWWWWWWWW....WWWWWWWWWW....==WWWWWWWW....WWWWWWWWWW......==........................................................
..........................................................==WWWWWWWWWW....WWWWWWWWWW....==WWWWWWWW....WWWWWWWWWW.............HHHHHH.........WWWWWWWWWW....WWWWWWWWWW....==WWWWWWWW....WWWWWWWWWW......==........................................................
............................###:###.......................==............................==...................................HHHHHH.....................................==............................==........................................................
............................#:::::#.......................==............................==...................................HHHHHH.....................................==............................==........................................................
............###:##..........#:::::#.......................==............................==...................................HHHHHH.....................................==............................==..............###:###...................................
............#::::#..........#:::::#.......................==............................==...................................HHHHHH.....................................==............................==..............#:::::#...................................
............#::::#..........#:::::#.......###:##..........==WWWWWWWWWW....WWWWWWWWWW....==WWWWWWWW...........................HHHHHH.........WWWWWWWWWW....WWWWWWWWWW....==WWWWWWWW....WWWWWWWWWW......==..............#:::::#.........###:##....................
............#::::#..........###:###.......#::::#..........==WWWWWWWWWW....WWWWWWWWWW....==WWWWWWWW...........................HHHHHH.........WWWWWWWWWW....WWWWWWWWWW....==WWWWWWWW....WWWWWWWWWW......==..............#:::::#.........#::::#....................
............#::::#........................#::::#..........==WWWWWWWWWW....WWWWWWWWWW....==WWWWWWWW...........................HHHHHH.........WWWWWWWWWW....WWWWWWWWWW....==WWWWWWWW....WWWWWWWWWW......==..............#:::::#.........#::::#....................
............#::::#........................#::::#..........==WWWWWWWWWW....WWWWWWWWWW....==WWWWWWWW...........................HHHHHH.........WWWWWWWWWW....WWWWWWWWWW....==WWWWWWWW....WWWWWWWWWW......==..............#:::::#.........#::::#....................
=============================================================================================================================HHHHHH=============================================================================================================================
=============================================================================================================================HHHHHH=============================================================================================================================
..........................................................==WWWWWWWWWW....WWWWWWWWWW....==WWWWWWWW...........................HHHHHH.........WWWWWWWWWW....WWWWWWWWWW....==WWWWWWWW....WWWWWWWWWW......==........................................................
..........................................................==WWWWWWWWWW....WWWWWWWWWW....==WWWWWWWW...........................HHHHHH.........WWWWWWWWWW....WWWWWWWWWW....==WWWWWWWW....WWWWWWWWWW......==........................................................
..........................................................==WWWWWWWWWW....WWWWWWWWWW....==WWWWWWWW...........................HHHHHH.........WWWWWWWWWW....WWWWWWWWWW....==WWWWWWWW....WWWWWWWWWW......==........................................................
..........................................................==WWWWWWWWWW....WWWWWWWWWW....==WWWWWWWW...........................HHHHHH.........WWWWWWWWWW....WWWWWWWWWW....==WWWWWWWW....WWWWWWWWWW......==........................................................
..........................................................==............................==...................................HHHHHH.....................................==............................==........................................................
..........................................................==............................==...................................HHHHHH.....................................==............................==........................................................
..........................................................==............................==...................................HHHHHH.....................................==............................==........................................................
..........................................................==....*.......................==...................................HHHHHH.....................................==............................==........................................................
..........................................................==W*******WW....WWWWWWWWWW....==WWWWWWWW....WWWWWWWWWW.............HHHHHH.........WWWWWWWWWW....WWWWWWWWWW....==WWWWWWWW....WWWWWWWWWW......==........................................................
..........................................................==*********W....WWWWWWWWWW....==WWWWWWWW....WWWWWWWWWW.............HHHHHH.........WWWWWWWWWW....WWWWWWWWWW....==WWWWWWWW....WWWWWWWWWW......==........................................................
..........................................................==*********...................==...WWWWW....WWWWWWWWWW.............HHHHHH.........WWWWWWWWWW....WWWWWWWWWW....==WWWWWWWW....WWWWWWWWWW......==........................................................
..........................................................==*********...................==...WWWWW....WWWWWWWWWW.............HHHHHH.........WWWWWWWWWW....WWWWWWWWWW....==WWWWWWWW....WWWWWWWWWW......==........................................................
....................................::::::::..............=***********..................==...W*WWW....WWWWWWWWWW.............HHHHHH.........WWWWWWWWWW....WWWWWWWWWW....==WWWWWWWW....WWWWWWWWWW......==........................................................
....................................::::::::..............==*********...................==..*****W....WWWWWWWWWW.............HHHHHH.........WWWWWWWWWW....WWWWWWWWWW....==WWWWWWWW....WWWWWWWWWW......==........................................................
....................................::::::::..............==*********...................==.*******....WWWWWWWWWW.............HHHHHH.........WWWWWWWWWW....WWWWWWWWWW....==WWWWWWWW....WWWWWWWWWW......==....................................::::::::............
....................................::::::::..............==*********...................==.*******....WWWWWWWWWW.............HHHHHH.........WWWWWWWWWW....WWWWWWWWWW....==WWWWWWWW....WWWWWWWWWW......==....................................::::::::............
..........::::::....................::::::::..............==W*******....................==*********...WWWWWWWWWW.............HHHHHH.........WWWWWWWWWW....WWWWWWWWWW....==WWWWWWWW....WWWWWWWWWW......==....................................::::::::............
..........::::::..........................................==WWWW*WWW....................==.*******....WWWWWWWWWW.............HHHHHH.........WWWWWWWWWW....WWWWWWWWWW....==WWWWWWWW....WWWWWWWWWW......==....................................::::::::............
..........::::::..........................................==............................==.*******...........................HHHHHH.....................................==............................==....................................::::::::............
..........::::::..........................................==............................==..*****............................HHHHHH.....................................==............................==........................................................
..........::::::..........................................==............................==....*..............................HHHHHH.....................................==............................==........................................................
..........................................................==............................==...................................HHHHHH.....................................==............................==........................................................
..........................................................==............................==...................................HHHHHH.....................................==............................==........................................................
..........................................................==............................==...................................HHHHHH.....................................==............................==........................................................
..........................................................==............................==...................................HHHHHH.....................................==............................==........................................................
..........................................................==............................==...................................HHHHHH.....................................==............................==........................................................
..........................................................==............................==...................................HHHHHH.....................................==............................==........................................................
..........................................................==.................................................................HHHHHH...................................................................==........................................................
..........................................................==................................................_________________________________________.................................................==........................................................
..........................................................==................................................_________________________________________.................................................==........................................................
..........................................................==................................................_________________________________________.................................................==........................................................
..........................................................==................................................_________________________________________.................................................==........................................................
..........................................................==................................................_________________________________________.................................................==........................................................
..........................................................==................................................_________________________________________.................................................==........................................................
..........................................................==................................................_________________________________________.................................................==........................................................
============================================================================================================_________________________________________===========================================================================================================
============================================================================================================_________________________________________=====================*=====================================================================================
................#:::::#...................................==...........................................................................................................*******........................==........................................................
................#:::::#...................................==...................................................WWWWWWWWWWWWWWWWWWWWWWWWWWWWWWWWWWW....................*********.......................==..........####:###......................................
................#:::::#...................................==...................................................WWWWWWWWWWWWWWWWWWWWWWWWWWWWWWWWWWW...................***********......................==..........#::::::#......................................
................#:::========================================================================================...WWWWWWWWWWWWWWWWWWWWWWWWWWWWWWWWWWW...================***********============================================================....................
................###:###...........#::::#..................==...................................................WWWWWWWWWWWWWWWWWWWWWWWWWWWWWWWWWWW...................***********......................==..........#::::::#......................................
..................................#::::#..................==...................................................WWWWWWWWWWWWWWWWWWWWWWWWWWWWWWWWWWW..................*************.....................==..........#::::::#..........###:##......................
....................========================================================================================...WWWWWWWWWWWWWWWWWWWWWWWWWWWWWWWWWWW...================***********============================================================....................
..................................#::::#..................==...................................................WWWWWWWWWWWWWWWWWWWWWWWWWWWWWWWWWWW...................***********......................==............................#::::#......................
..................................#::::#..................==...................................................WWWWWWWWWWWWWWWWWWWWWWWWWWWWWWWWWWW...................***********......................==............................#::::#......................
....................========================================================================================...WWWWWWWWWWWWWWWWWWWWWWWWWWWWWWWWWWW...=================*********=============================================================....................
..........................................................==...................................................WWWWWWWWWWWWWWWWWWWWWWWWWWWWWWWWWWW.....................*******........................==............................###:##......................
..........................................................==..............................................................................................................*...........................==........................................................
..........................................................==..........................................................................................................................................==........................................................
..........................................................==..........................................................................................................................................==........................................................
..........................................................==..........................................................................................................................................==........................................................
..........................................................==..........................................................................................................................................==........................................................
..........................................................==..........................................................................................................................................==........................................................
..........................................................==..........................................................................................................................................==........................................................
..........................................................==..........................................................................................................................................==........................................................
..........................................................==..........................................................................................................................................==........................................................
..........................................................==..........................................................................................................................................==........................................................
