# Kreisau Valley - 1v1 skirmish map for C&C: Wolfenstein
# glyphs: . grass  = road  : rubble  * uranium  ~ water  # ruins
name Kreisau Valley
size 64 64
spawn 6 8
spawn 49 46
tiles
..............................~~~~~.............................
..................*...........~~~~~.............................
................*****..........~~~~~............................
................*****....::.....~~~~~...........................
...............*******..:::::...~~~~~...........................
................*****..:::::::...~~~~~..........................
................*****..::::::....~~~~~..........................
..................*.....:::::.....~~~~~.........................
........................:::::.....~~~~~.........................
..........................:.......~~~~~.........................
..................................~~~~~.........................
..................................~~~~~.........................
..........====================....~~~~~.........................
....................:.......*=....~~~~~.........................
..................:::::...*****...~~~~~.........................
.................:::::::..*****...=====.........................
.................::::::::*******.=====..........................
....*............::::::::.*****..=====.............##...........
..*****.......*..::::::::.*****.=====...........................
..*****:::::*****:::::::..#.*...~~~~~...........................
.*******:::*******:::::..###...~~~~~............................
..*****::::*******::::::#####.~~~~~.............#...............
..*****:::*********::::..###..~~~~~.........###.##..............
....*:::::.*******:::::..#....~~~~~........#####.##.............
......::...*******.#::.......~~~~~.........######...............
............*****.###.......~~~~~.........#######...............
..............*.:#####......~~~~~.........######................
...............:::###......~~~~~...........#####......#####.....
................:::........~~~~~............##........#####.....
................:::.......~~~~~.......................######....
.......#.........::.......~~~~~.......................######....
.....###..................~~~~~.......................######....
....######................~~~~~........................#####....
.....######...............~~~~~..............::..........#......
....#######...............~~~~~..............:::................
....#######......#........~~~~~..............::::...............
.....#####......#####.....~~~~~............####::...............
......#.........#####.....~~~~~...........#####:.*..............
................######.....~~~~~...........###.*****............
...............#######.....~~~~~..........:.##*******....:......
................#####.......~~~~~....#...:::::*******.:::::*....
.............###............~~~~~...###.:::::*********:::*****..
.............##..............~~~~~..####::::::*******::::*****..
..............................~~~~~####.::::::*******:::*******.
..............................=====*....:::::::*****.....*****..
...........###................=====***.::::::::..*.......*****..
............#..................=====**..:::::::............*....
............#...................=====**::::::::.................
................................~~~~~*..:::::::.................
.................................~~~~~...:::::..................
.................................~~~~~==============............
..................................~~~~~.........................
..................................~~~~~.........................
..................................~~~~~.........................
..................................~~~~~.........................
..................................~~~~~:........................
..................................~~~~~:.....*..................
..................................~~~~~::..*****................
..................................~~~~~:...*****................
..................................~~~~~:..*******...............
.................................~~~~~.....*****................
.................................~~~~~.....*****................
................................~~~~~........*..................
................................~~~~~...........................
